[     461ms] [LOG] [Learn] Filtered unlearned verses: {total: 3, unlearned: 0, filtered: Array(0)} @ http://localhost:5174/src/lib/components/LearningFlow.svelte:834
[   57729ms] [LOG] [SingleTextReview] Verse changed, feedback reset, verseReadyToRender = false @ http://localhost:5174/src/lib/components/SingleTextReview.svelte:651
[   57730ms] [LOG] [SingleTextReview] Feedback state: {pressedKey: null, correctKey: null, lastCorrectKey: null} @ http://localhost:5174/src/lib/components/SingleTextReview.svelte:655
[   57730ms] [LOG] [SingleTextReview] renderedChars cleared (empty array) reviewFullText.length: 0 verseReadyToRender: false verseId: 1 @ http://localhost:5174/src/lib/components/SingleTextReview.svelte:681
[   57732ms] [LOG] [SingleTextReview] initializeVerse called for verse: 1 @ http://localhost:5174/src/lib/components/SingleTextReview.svelte:138
[   57732ms] [LOG] [SingleTextReview] Set verseReadyToRender = false @ http://localhost:5174/src/lib/components/SingleTextReview.svelte:143
[   57733ms] [LOG] [SingleTextReview] reviewFullText: 起初 神创造天地 @ http://localhost:5174/src/lib/components/SingleTextReview.svelte:159
[   57733ms] [LOG] [SingleTextReview] reviewFullInitials: qcscztd @ http://localhost:5174/src/lib/components/SingleTextReview.svelte:160
[   57739ms] [LOG] [SingleTextReview] Mapping complete. Total input chars: 7 @ http://localhost:5174/src/lib/components/SingleTextReview.svelte:182
[   57739ms] [LOG] [SingleTextReview] Set verseReadyToRender = true @ http://localhost:5174/src/lib/components/SingleTextReview.svelte:187
[   57740ms] [LOG] [SingleTextReview] Initial renderedChars computed in initializeVerse, length: 8 @ http://localhost:5174/src/lib/components/SingleTextReview.svelte:192
[   57758ms] [LOG] [Keyboard] Feedback props: {pressedKey: null, correctKey: null, lastCorrectKey: null} @ http://localhost:5174/src/lib/components/Keyboard.svelte:94
[   57771ms] [LOG] [SingleTextReview] Auto-focusing hidden input @ http://localhost:5174/src/lib/components/SingleTextReview.svelte:715
[   57930ms] [LOG] [SingleTextReview] Input focused @ http://localhost:5174/src/lib/components/SingleTextReview.svelte:1081
[   74964ms] [LOG] [SingleTextReview] Input blurred @ http://localhost:5174/src/lib/components/SingleTextReview.svelte:1082
[  114349ms] [LOG] [Keyboard] Feedback props: {pressedKey: null, correctKey: null, lastCorrectKey: null} @ http://localhost:5174/src/lib/components/Keyboard.svelte:94
[  114354ms] [LOG] === VIEWPORT SCROLL TRIGGER (IndividualReview) === @ http://localhost:5174/src/lib/components/IndividualReview.svelte:647
[  114354ms] [LOG] Anchor element: JSHandle@node @ http://localhost:5174/src/lib/components/IndividualReview.svelte:648
[  114384ms] [LOG] Anchor bounding rect: DOMRect @ http://localhost:5174/src/lib/components/IndividualReview.svelte:649
[  114685ms] [LOG] === EXECUTING SCROLL === @ http://localhost:5174/src/lib/components/IndividualReview.svelte:653
[  114685ms] [LOG] Before scroll - Anchor rect: DOMRect @ http://localhost:5174/src/lib/components/IndividualReview.svelte:657
[  114685ms] [LOG] Before scroll - Window scrollY: 0 @ http://localhost:5174/src/lib/components/IndividualReview.svelte:658
[  114685ms] [LOG] Before scroll - Document scrollTop: 0 @ http://localhost:5174/src/lib/components/IndividualReview.svelte:659
[  114685ms] [LOG] Viewport height: 493 @ http://localhost:5174/src/lib/components/IndividualReview.svelte:660
[  114685ms] [LOG] Keyboard element: JSHandle@node @ http://localhost:5174/src/lib/components/IndividualReview.svelte:668
[  114685ms] [LOG] Keyboard rect: DOMRect @ http://localhost:5174/src/lib/components/IndividualReview.svelte:669
[  114685ms] [LOG] Keyboard top position: 328 @ http://localhost:5174/src/lib/components/IndividualReview.svelte:670
[  114685ms] [LOG] Calculated scroll target: 243 @ http://localhost:5174/src/lib/components/IndividualReview.svelte:678
[  114685ms] [LOG] Current scrollY: 0 @ http://localhost:5174/src/lib/components/IndividualReview.svelte:679
[  114685ms] [LOG] Anchor top from viewport: 571 @ http://localhost:5174/src/lib/components/IndividualReview.svelte:680
[  114686ms] [LOG] Keyboard top from viewport: 328 @ http://localhost:5174/src/lib/components/IndividualReview.svelte:681
[  114686ms] [LOG] Scroll adjustment needed: 243 @ http://localhost:5174/src/lib/components/IndividualReview.svelte:682
[  115186ms] [LOG] === AFTER SCROLL (500ms) === @ http://localhost:5174/src/lib/components/IndividualReview.svelte:690
[  115186ms] [LOG] After scroll - Anchor rect: DOMRect @ http://localhost:5174/src/lib/components/IndividualReview.svelte:694
[  115186ms] [LOG] After scroll - Anchor top from viewport: 328 @ http://localhost:5174/src/lib/components/IndividualReview.svelte:695
[  115186ms] [LOG] After scroll - Window scrollY: 243 @ http://localhost:5174/src/lib/components/IndividualReview.svelte:696
[  115186ms] [LOG] After scroll - Keyboard rect: DOMRect @ http://localhost:5174/src/lib/components/IndividualReview.svelte:701
[  115186ms] [LOG] After scroll - Keyboard top from viewport: 328 @ http://localhost:5174/src/lib/components/IndividualReview.svelte:702
[  115187ms] [LOG] Alignment check - Anchor vs Keyboard: 0 @ http://localhost:5174/src/lib/components/IndividualReview.svelte:703
[  179969ms] [LOG] [Learn] Filtered unlearned verses: {total: 3, unlearned: 0, filtered: Array(0)} @ http://localhost:5174/src/lib/components/LearningFlow.svelte:834
[  180173ms] [LOG] [SingleTextReview] Verse changed, feedback reset, verseReadyToRender = false @ http://localhost:5174/src/lib/components/SingleTextReview.svelte:651
[  180174ms] [LOG] [SingleTextReview] Feedback state: {pressedKey: null, correctKey: null, lastCorrectKey: null} @ http://localhost:5174/src/lib/components/SingleTextReview.svelte:655
[  180175ms] [LOG] [SingleTextReview] renderedChars cleared (empty array) reviewFullText.length: 0 verseReadyToRender: false verseId: 1 @ http://localhost:5174/src/lib/components/SingleTextReview.svelte:681
[  180177ms] [LOG] [SingleTextReview] initializeVerse called for verse: 1 @ http://localhost:5174/src/lib/components/SingleTextReview.svelte:138
[  180177ms] [LOG] [SingleTextReview] Set verseReadyToRender = false @ http://localhost:5174/src/lib/components/SingleTextReview.svelte:143
[  180180ms] [LOG] [SingleTextReview] reviewFullText: 起初 神创造天地 @ http://localhost:5174/src/lib/components/SingleTextReview.svelte:159
[  180181ms] [LOG] [SingleTextReview] reviewFullInitials: qcscztd @ http://localhost:5174/src/lib/components/SingleTextReview.svelte:160
[  180181ms] [LOG] [SingleTextReview] Mapping complete. Total input chars: 7 @ http://localhost:5174/src/lib/components/SingleTextReview.svelte:182
[  180181ms] [LOG] [SingleTextReview] Set verseReadyToRender = true @ http://localhost:5174/src/lib/components/SingleTextReview.svelte:187
[  180190ms] [LOG] [SingleTextReview] Initial renderedChars computed in initializeVerse, length: 8 @ http://localhost:5174/src/lib/components/SingleTextReview.svelte:192
[  180191ms] [LOG] [Keyboard] Feedback props: {pressedKey: null, correctKey: null, lastCorrectKey: null} @ http://localhost:5174/src/lib/components/Keyboard.svelte:94
[  180210ms] [LOG] [SingleTextReview] Auto-focusing hidden input @ http://localhost:5174/src/lib/components/SingleTextReview.svelte:715
[  180310ms] [LOG] [SingleTextReview] Input focused @ http://localhost:5174/src/lib/components/SingleTextReview.svelte:1081
[  181255ms] [LOG] [SingleTextReview] Input blurred @ http://localhost:5174/src/lib/components/SingleTextReview.svelte:1082
[  182476ms] [LOG] [Keyboard] Feedback props: {pressedKey: null, correctKey: null, lastCorrectKey: null} @ http://localhost:5174/src/lib/components/Keyboard.svelte:94
[  182495ms] [LOG] === VIEWPORT SCROLL TRIGGER (IndividualReview) === @ http://localhost:5174/src/lib/components/IndividualReview.svelte:647
[  182495ms] [LOG] Anchor element: JSHandle@node @ http://localhost:5174/src/lib/components/IndividualReview.svelte:648
[  182497ms] [LOG] Anchor bounding rect: DOMRect @ http://localhost:5174/src/lib/components/IndividualReview.svelte:649
[  182798ms] [LOG] === EXECUTING SCROLL === @ http://localhost:5174/src/lib/components/IndividualReview.svelte:653
[  182798ms] [LOG] Before scroll - Anchor rect: DOMRect @ http://localhost:5174/src/lib/components/IndividualReview.svelte:657
[  182798ms] [LOG] Before scroll - Window scrollY: 0 @ http://localhost:5174/src/lib/components/IndividualReview.svelte:658
[  182798ms] [LOG] Before scroll - Document scrollTop: 0 @ http://localhost:5174/src/lib/components/IndividualReview.svelte:659
[  182798ms] [LOG] Viewport height: 493 @ http://localhost:5174/src/lib/components/IndividualReview.svelte:660
[  182798ms] [LOG] Keyboard element: JSHandle@node @ http://localhost:5174/src/lib/components/IndividualReview.svelte:668
[  182798ms] [LOG] Keyboard rect: DOMRect @ http://localhost:5174/src/lib/components/IndividualReview.svelte:669
[  182798ms] [LOG] Keyboard top position: 328 @ http://localhost:5174/src/lib/components/IndividualReview.svelte:670
[  182798ms] [LOG] Calculated scroll target: 243 @ http://localhost:5174/src/lib/components/IndividualReview.svelte:678
[  182798ms] [LOG] Current scrollY: 0 @ http://localhost:5174/src/lib/components/IndividualReview.svelte:679
[  182799ms] [LOG] Anchor top from viewport: 571 @ http://localhost:5174/src/lib/components/IndividualReview.svelte:680
[  182799ms] [LOG] Keyboard top from viewport: 328 @ http://localhost:5174/src/lib/components/IndividualReview.svelte:681
[  182799ms] [LOG] Scroll adjustment needed: 243 @ http://localhost:5174/src/lib/components/IndividualReview.svelte:682
[  183299ms] [LOG] === AFTER SCROLL (500ms) === @ http://localhost:5174/src/lib/components/IndividualReview.svelte:690
[  183299ms] [LOG] After scroll - Anchor rect: DOMRect @ http://localhost:5174/src/lib/components/IndividualReview.svelte:694
[  183299ms] [LOG] After scroll - Anchor top from viewport: 328 @ http://localhost:5174/src/lib/components/IndividualReview.svelte:695
[  183299ms] [LOG] After scroll - Window scrollY: 243 @ http://localhost:5174/src/lib/components/IndividualReview.svelte:696
[  183300ms] [LOG] After scroll - Keyboard rect: DOMRect @ http://localhost:5174/src/lib/components/IndividualReview.svelte:701
[  183300ms] [LOG] After scroll - Keyboard top from viewport: 328 @ http://localhost:5174/src/lib/components/IndividualReview.svelte:702
[  183300ms] [LOG] Alignment check - Anchor vs Keyboard: 0 @ http://localhost:5174/src/lib/components/IndividualReview.svelte:703
[ 1037160ms] [LOG] [Learn] Filtered unlearned verses: {total: 3, unlearned: 0, filtered: Array(0)} @ http://localhost:5174/src/lib/components/LearningFlow.svelte?t=1777097329799:834
[ 2938966ms] [LOG] [Learn] Filtered unlearned verses: {total: 3, unlearned: 0, filtered: Array(0)} @ http://localhost:5174/src/lib/components/LearningFlow.svelte?t=1777099233482:834
[ 2939572ms] [LOG] [Learn] Filtered unlearned verses: {total: 3, unlearned: 0, filtered: Array(0)} @ http://localhost:5174/src/lib/components/LearningFlow.svelte?t=1777099233482:834
[ 2956869ms] [LOG] [Learn] Filtered unlearned verses: {total: 3, unlearned: 0, filtered: Array(0)} @ http://localhost:5174/src/lib/components/LearningFlow.svelte?t=1777099233482:834
